// Jest Snapshot v1, https://goo.gl/fbAQLP

exports[`Pruebas en <GifExpertApp /> Debe hacar match con el SnapShot 1`] = `
<div>
  <h1>
    GifExpertApp
  </h1>
  <form
    aria-label="form-add"
  >
    <input
      placeholder="Buscar gifs"
      type="text"
      value=""
    />
  </form>
  <h3>
    One Punch
  </h3>
  <h2>
    cargando..
  </h2>
  <div
    class="card-grid"
  />
</div>
`;
